// Jest Snapshot v1, https://goo.gl/fbAQLP

exports[`snapshot testing first snapshot 1`] = `
Array [
  <div
    className="space"
  />,
  <div
    className="container"
    data-testid="calculatorTest"
  >
    <table>
      <tbody>
        <tr
          className="result1"
        >
          <td
            colSpan={4}
          >
            0
          </td>
        </tr>
        <tr>
          <td>
            <input
              className="global first-row"
              onClick={[Function]}
              type="button"
              value="AC"
            />
          </td>
          <td>
            <input
              className="global first-row"
              onClick={[Function]}
              type="button"
              value="+/-"
            />
          </td>
          <td>
            <input
              className="global first-row"
              onClick={[Function]}
              type="button"
              value="%"
            />
          </td>
          <td>
            <input
              className="global first-row"
              id="slash"
              onClick={[Function]}
              type="button"
              value="รท"
            />
          </td>
        </tr>
        <tr>
          <td>
            <input
              className="global"
              onClick={[Function]}
              type="button"
              value="7"
            />
          </td>
          <td>
            <input
              className="global"
              onClick={[Function]}
              type="button"
              value="8"
            />
          </td>
          <td>
            <input
              className="global"
              onClick={[Function]}
              type="button"
              value="9"
            />
          </td>
          <td>
            <input
              className="global"
              id="ex"
              onClick={[Function]}
              type="button"
              value="x"
            />
          </td>
        </tr>
        <tr>
          <td>
            <input
              className="global"
              onClick={[Function]}
              type="button"
              value="4"
            />
          </td>
          <td>
            <input
              className="global"
              onClick={[Function]}
              type="button"
              value="5"
            />
          </td>
          <td>
            <input
              className="global"
              onClick={[Function]}
              type="button"
              value="6"
            />
          </td>
          <td>
            <input
              className="global"
              id="minus"
              onClick={[Function]}
              type="button"
              value="-"
            />
          </td>
        </tr>
        <tr>
          <td>
            <input
              className="global"
              onClick={[Function]}
              type="button"
              value="1"
            />
          </td>
          <td>
            <input
              className="global"
              onClick={[Function]}
              type="button"
              value="2"
            />
          </td>
          <td>
            <input
              className="global"
              onClick={[Function]}
              type="button"
              value="3"
            />
          </td>
          <td>
            <input
              className="global"
              id="plus"
              onClick={[Function]}
              type="button"
              value="+"
            />
          </td>
        </tr>
        <tr>
          <td
            colSpan="2"
          >
            <input
              className="global grey"
              onClick={[Function]}
              type="button"
              value="0"
            />
          </td>
          <td>
            <input
              className="global"
              onClick={[Function]}
              type="button"
              value="."
            />
          </td>
          <td>
            <input
              className="global"
              id="equal"
              onClick={[Function]}
              type="button"
              value="="
            />
          </td>
        </tr>
      </tbody>
    </table>
  </div>,
]
`;
