// Jest Snapshot v1, https://goo.gl/fbAQLP

exports[`renders correctly 1`] = `
Array [
  <nav
    className="nav"
  >
    <a
      className="site-title"
      href="/"
      onClick={[Function]}
    >
      Math Magicians
    </a>
    <ul>
      <li
        className="active"
      >
        <a
          href="/"
          onClick={[Function]}
        >
          Home
        </a>
      </li>
      <span
        className="divider"
      />
      <li
        className=""
      >
        <a
          href="/calculatorpage"
          onClick={[Function]}
        >
          Calculator
        </a>
      </li>
      <span
        className="divider"
      />
      <li
        className=""
      >
        <a
          href="/qoutepage"
          onClick={[Function]}
        >
          Qoute
        </a>
      </li>
    </ul>
  </nav>,
  <div
    className="container_1"
  >
    <section
      className="home"
    >
      <h1>
        Welcome to our page!
      </h1>
      <p>
        
      "Lorem ipsum dolor sit amet, consectetur adipiscing elit, sed do eiusmod tempor incididunt ut labore et dolore magna aliqua. Ut enim ad minim veniam, quis nostrud exercitation ullamco laboris nisi ut aliquip ex ea commodo consequat. Duis aute irure dolor in reprehenderit in voluptate velit esse cillum dolore eu fugiat nulla pariatur. Excepteur sint occaecat cupidatat non proident, sunt in culpa qui officia deserunt mollit anim id est laborum."
      
      </p>
      <p>
        
      "Lorem ipsum dolor sit amet, consectetur adipiscing elit, sed do eiusmod tempor incididunt ut labore et dolore magna aliqua. Ut enim ad minim veniam, quis nostrud exercitation ullamco laboris nisi ut aliquip ex ea commodo consequat. Duis aute irure dolor in reprehenderit in voluptate velit esse cillum dolore eu fugiat nulla pariatur. Excepteur sint occaecat cupidatat non proident, sunt in culpa qui officia deserunt mollit anim id est laborum."
      
      </p>
    </section>
  </div>,
]
`;
